\BOOKMARK [1][-]{section.1}{\376\377\000A\000n\000a\000l\000i\000s\000i}{}% 1
\BOOKMARK [2][-]{subsection.1.1}{\376\377\000D\000e\000s\000c\000r\000i\000z\000i\000o\000n\000e\000\040\000d\000e\000l\000\040\000S\000i\000t\000o}{section.1}% 2
\BOOKMARK [2][-]{subsection.1.2}{\376\377\000A\000n\000a\000l\000i\000s\000i\000\040\000d\000e\000l\000l\000'\000u\000t\000e\000n\000z\000a}{section.1}% 3
\BOOKMARK [1][-]{section.2}{\376\377\000P\000r\000o\000g\000e\000t\000t\000a\000z\000i\000o\000n\000e}{}% 4
\BOOKMARK [2][-]{subsection.2.1}{\376\377\000T\000i\000p\000i\000\040\000d\000i\000\040\000u\000t\000e\000n\000t\000i}{section.2}% 5
\BOOKMARK [2][-]{subsection.2.2}{\376\377\000S\000t\000r\000u\000t\000t\000u\000r\000a\000\040\000d\000e\000l\000\040\000s\000i\000t\000o}{section.2}% 6
\BOOKMARK [2][-]{subsection.2.3}{\376\377\000L\000a\000y\000o\000u\000t\000\040\000e\000\040\000c\000o\000n\000t\000e\000n\000u\000t\000i\000\040\000d\000e\000l\000l\000e\000\040\000p\000a\000g\000i\000n\000e}{section.2}% 7
\BOOKMARK [2][-]{subsection.2.4}{\376\377\000E\000l\000e\000m\000e\000n\000t\000i\000\040\000c\000o\000m\000u\000n\000i}{section.2}% 8
\BOOKMARK [3][-]{subsubsection.2.4.1}{\376\377\000H\000e\000a\000d\000e\000r}{subsection.2.4}% 9
\BOOKMARK [3][-]{subsubsection.2.4.2}{\376\377\000F\000o\000o\000t\000e\000r}{subsection.2.4}% 10
\BOOKMARK [3][-]{subsubsection.2.4.3}{\376\377\000B\000r\000e\000a\000d\000c\000r\000u\000m\000b}{subsection.2.4}% 11
\BOOKMARK [2][-]{subsection.2.5}{\376\377\000E\000m\000o\000t\000i\000o\000n\000a\000l\000\040\000D\000e\000s\000i\000g\000n}{section.2}% 12
\BOOKMARK [2][-]{subsection.2.6}{\376\377\000S\000u\000d\000d\000i\000v\000i\000s\000i\000o\000n\000e\000\040\000d\000e\000l\000\040\000l\000a\000v\000o\000r\000o}{section.2}% 13
\BOOKMARK [1][-]{section.3}{\376\377\000I\000m\000p\000l\000e\000m\000e\000n\000t\000a\000z\000i\000o\000n\000e}{}% 14
\BOOKMARK [1][-]{section.4}{\376\377\000S\000v\000i\000l\000u\000p\000p\000i\000\040\000F\000u\000t\000u\000r\000i}{}% 15
\BOOKMARK [1][-]{section.5}{\376\377\000P\000r\000e\000s\000t\000a\000z\000i\000o\000n\000i\000\040\000e\000\040\000S\000E\000O}{}% 16
\BOOKMARK [1][-]{section.6}{\376\377\000A\000c\000c\000e\000s\000s\000i\000b\000i\000l\000i\000t\000\340}{}% 17
\BOOKMARK [2][-]{subsection.6.1}{\376\377\000S\000e\000p\000a\000r\000a\000z\000i\000o\000n\000e\000\040\000t\000r\000a\000\040\000c\000o\000n\000t\000e\000n\000u\000t\000o\000,\000\040\000p\000r\000e\000s\000e\000n\000t\000a\000z\000i\000o\000n\000e\000\040\000e\000\040\000s\000t\000r\000u\000t\000t\000u\000r\000a}{section.6}% 18
\BOOKMARK [3][-]{subsubsection.6.1.1}{\376\377\000A\000s\000s\000e\000n\000z\000a\000\040\000d\000i\000\040\000C\000S\000S\000\040\000e\000\040\000J\000a\000v\000a\000S\000c\000r\000i\000p\000t}{subsection.6.1}% 19
\BOOKMARK [3][-]{subsubsection.6.1.2}{\376\377\000C\000o\000n\000t\000r\000a\000s\000t\000i}{subsection.6.1}% 20
\BOOKMARK [3][-]{subsubsection.6.1.3}{\376\377\000L\000i\000n\000g\000u\000e\000\040\000s\000t\000r\000a\000n\000i\000e\000r\000e\000\040\000e\000\040\000t\000e\000r\000m\000i\000n\000i\000\040\000a\000b\000b\000r\000e\000v\000i\000a\000t\000i}{subsection.6.1}% 21
\BOOKMARK [2][-]{subsection.6.2}{\376\377\000S\000t\000r\000u\000m\000e\000n\000t\000i\000\040\000d\000i\000\040\000T\000e\000s\000t\000i\000n\000g}{section.6}% 22
\BOOKMARK [3][-]{subsubsection.6.2.1}{\376\377\000A\000m\000b\000i\000e\000n\000t\000i\000\040\000d\000i\000\040\000T\000E\000S\000T\000I\000N\000G}{subsection.6.2}% 23
